[2026-08-11T19:22:22.575Z] [INFO] Email worker initialized
[2026-08-11T19:22:22.580Z] [INFO] Receipt worker initialized
[2026-08-11T19:22:34.881Z] [INFO] Email worker initialized
[2026-08-11T19:22:34.883Z] [INFO] Receipt worker initialized
[2026-08-11T19:23:09.410Z] [INFO] Email job 52 of type send-welcome-email completed successfully.
[2026-08-11T19:25:25.457Z] [INFO] Email job 53 of type send-welcome-email completed successfully.
[2026-08-11T19:27:28.758Z] [INFO] [Worker] Processing sync job for user 6a7b768614518ed33949cc11 (trigger: onboarding)
[2026-08-11T19:27:28.761Z] [INFO] [Worker] Processing sync job for user 6a7b77245fc0da954a75e354 (trigger: onboarding)
[2026-08-11T19:27:28.847Z] [ERROR] [Worker] Failed sync job for user 6a7b768614518ed33949cc11: Sync Error: User with ID 6a7b768614518ed33949cc11 not found in DB
[2026-08-11T19:27:28.856Z] [ERROR] [Worker] Failed sync job for user 6a7b77245fc0da954a75e354: Sync Error: User with ID 6a7b77245fc0da954a75e354 not found in DB
[2026-08-11T19:31:18.461Z] [INFO] [Worker] Processing sync job for user 6a7b786d5fc0da954a75e355 (trigger: onboarding)
[2026-08-11T19:31:18.537Z] [ERROR] [Worker] Failed sync job for user 6a7b786d5fc0da954a75e355: Sync Error: User with ID 6a7b786d5fc0da954a75e355 not found in DB
[2026-08-11T19:33:46.425Z] [INFO] Email job 55 of type send-welcome-email completed successfully.
[2026-08-11T19:36:47.597Z] [INFO] Email worker initialized
[2026-08-11T19:36:47.603Z] [INFO] Receipt worker initialized
[2026-08-11T19:38:05.798Z] [INFO] [Worker] Processing sync job for user 6a7b786d5fc0da954a75e355 (trigger: profile_update)
[2026-08-11T19:38:05.958Z] [ERROR] [Worker] Failed sync job for user 6a7b786d5fc0da954a75e355: Sync Error: User with ID 6a7b786d5fc0da954a75e355 not found in DB
[2026-08-11T19:39:13.269Z] [INFO] Email worker initialized
[2026-08-11T19:39:13.271Z] [INFO] Receipt worker initialized
[2026-08-11T19:39:27.890Z] [INFO] Email worker initialized
[2026-08-11T19:39:27.892Z] [INFO] Receipt worker initialized
[2026-08-11T19:42:52.421Z] [INFO] Email worker initialized
[2026-08-11T19:42:52.424Z] [INFO] Receipt worker initialized
[2026-08-11T19:43:07.439Z] [INFO] Email worker initialized
[2026-08-11T19:43:07.446Z] [INFO] Receipt worker initialized
[2026-08-11T19:43:11.025Z] [INFO] [Worker] Processing sync job for user 6a7b768614518ed33949cc11 (trigger: profile_update)
[2026-08-11T19:43:11.179Z] [ERROR] [Worker] Failed sync job for user 6a7b768614518ed33949cc11: Sync Error: User with ID 6a7b768614518ed33949cc11 not found in DB
[2026-08-11T19:44:25.486Z] [INFO] Email worker initialized
[2026-08-11T19:44:25.493Z] [INFO] Receipt worker initialized
